Failed to load SSL library: <class 'OSError'> (no library called "ssl" found)
cryptg module not installed and libssl not found, falling back to (slower) Python encryption
Connecting to 149.154.167.51:443/TcpFull...
Connection attempt 1...
Connection success!
Starting send loop
Starting receive loop
Connection to 149.154.167.51:443/TcpFull complete!
Waiting for messages to send...
Assigned msg_id = 7648608455832012684 to InvokeWithLayerRequest (19b98c9ea50)
Encrypting 1 message(s) in 76 bytes for sending
Encrypted messages put in a queue to be sent
Waiting for messages to send...
Receiving items from the network...
Updated time offset (old offset 0, bad 7648608456717456968, good 7648608454645775361, new -1)
Handling bad salt for message 7648608455832012684
1 message(s) will be resent
Receiving items from the network...
Assigned msg_id = 7648608452426481752 to InvokeWithLayerRequest (19b98c9ea50)
Encrypting 1 message(s) in 76 bytes for sending
Encrypted messages put in a queue to be sent
Waiting for messages to send...
Assigned msg_id = 7648608452430482416 to MsgsAck (19b98c9ed50)
Encrypting 1 message(s) in 36 bytes for sending
Encrypted messages put in a queue to be sent
Waiting for messages to send...
Handling container
Handling new session created
Handling acknowledge for [7648608452426481752]
Receiving items from the network...
Handling RPC result for message 7648608452426481752
Receiving items from the network...
Assigned msg_id = 7648608453142500432 to GetUsersRequest (19b98c9c500)
Encrypting 1 message(s) in 32 bytes for sending
Encrypted messages put in a queue to be sent
Waiting for messages to send...
Assigned msg_id = 7648608453146541148 to MsgsAck (19b98b34110)
Encrypting 1 message(s) in 60 bytes for sending
Encrypted messages put in a queue to be sent
Waiting for messages to send...
Handling RPC result for message 7648608453142500432
Receiving items from the network...
Assigned msg_id = 7648608453878710300 to GetStateRequest (19b98c9c500)
Encrypting 1 message(s) in 20 bytes for sending
Encrypted messages put in a queue to be sent
Waiting for messages to send...
Assigned msg_id = 7648608453882770092 to MsgsAck (19b98b1ffb0)
Encrypting 1 message(s) in 36 bytes for sending
Encrypted messages put in a queue to be sent
Waiting for messages to send...
Handling RPC result for message 7648608453878710300
Receiving items from the network...
Assigned msg_id = 7648608455002717524 to GetDifferenceRequest (19b98c9c500)
Encrypting 1 message(s) in 36 bytes for sending
Encrypted messages put in a queue to be sent
Waiting for messages to send...
Assigned msg_id = 7648608455004757436 to MsgsAck (19b98680890)
Encrypting 1 message(s) in 36 bytes for sending
Encrypted messages put in a queue to be sent
Waiting for messages to send...
Handling RPC result for message 7648608455002717524
Receiving items from the network...
Assigned msg_id = 7648608455700885324 to GetUsersRequest (19b9901eea0)
Encrypting 1 message(s) in 32 bytes for sending
Encrypted messages put in a queue to be sent
Waiting for messages to send...
Assigned msg_id = 7648608455704906016 to MsgsAck (19b98c9ed20)
Encrypting 1 message(s) in 36 bytes for sending
Encrypted messages put in a queue to be sent
Waiting for messages to send...
Handling RPC result for message 7648608455700885324
Receiving items from the network...
Assigned msg_id = 7648608457392408524 to ResolveUsernameRequest (19b9901c1d0)
Encrypting 1 message(s) in 36 bytes for sending
Encrypted messages put in a queue to be sent
Waiting for messages to send...
Assigned msg_id = 7648608457396419676 to MsgsAck (19b9901dd30)
Encrypting 1 message(s) in 36 bytes for sending
Encrypted messages put in a queue to be sent
Waiting for messages to send...
Handling RPC result for message 7648608457392408524
Receiving items from the network...
Assigned msg_id = 7648608458622693212 to GetHistoryRequest (19b98c9daf0)
Encrypting 1 message(s) in 72 bytes for sending
Encrypted messages put in a queue to be sent
Waiting for messages to send...
Assigned msg_id = 7648608458626693876 to MsgsAck (19b97782f60)
Encrypting 1 message(s) in 36 bytes for sending
Encrypted messages put in a queue to be sent
Waiting for messages to send...
Handling RPC result for message 7648608458622693212
Receiving items from the network...
{"details": "Telegram post does not contain enough vacancy signal.", "event": "pipeline_item_dropped", "item_id": "496733a08a98b1369e1d643f5d0860218b6b062b07695de7e5830d64a51fbb57", "level": "info", "reason": "telegram_low_signal", "timestamp": "2026-06-07T11:07:11.733482Z"}
{"details": "Telegram post does not contain enough vacancy signal.", "event": "pipeline_item_dropped", "item_id": "41f0d2b70d9dd04563fb76bd6cf6385d02c07523520a24a55dba276818b83516", "level": "info", "reason": "telegram_low_signal", "timestamp": "2026-06-07T11:07:11.738023Z"}
Disconnecting from 149.154.167.51:443/TcpFull...
Closing current connection...
Cancelling 0 pending message(s)...
Disconnection from 149.154.167.51:443/TcpFull complete!
Connecting to 149.154.167.51:443/TcpFull...
Connection attempt 1...
Connection success!
Starting send loop
Starting receive loop
Connection to 149.154.167.51:443/TcpFull complete!
Waiting for messages to send...
Assigned msg_id = 7648608464479675088 to InvokeWithLayerRequest (19b9901c7d0)
Encrypting 1 message(s) in 76 bytes for sending
Encrypted messages put in a queue to be sent
Waiting for messages to send...
Receiving items from the network...
Updated time offset (old offset 0, bad 7648608465407599844, good 7648608463345996801, new -1)
Handling bad salt for message 7648608464479675088
1 message(s) will be resent
Receiving items from the network...
Assigned msg_id = 7648608461112632548 to InvokeWithLayerRequest (19b9901c7d0)
Encrypting 1 message(s) in 76 bytes for sending
Encrypted messages put in a queue to be sent
Waiting for messages to send...
Assigned msg_id = 7648608461116631304 to MsgsAck (19b9901cb60)
Encrypting 1 message(s) in 36 bytes for sending
Encrypted messages put in a queue to be sent
Waiting for messages to send...
Handling container
Handling new session created
Handling acknowledge for [7648608461112632548]
Receiving items from the network...
Handling RPC result for message 7648608461112632548
Receiving items from the network...
Assigned msg_id = 7648608462294398104 to GetUsersRequest (19b9901c1d0)
Encrypting 1 message(s) in 32 bytes for sending
Encrypted messages put in a queue to be sent
Waiting for messages to send...
Assigned msg_id = 7648608462298395908 to MsgsAck (19b98c9f3e0)
Encrypting 1 message(s) in 60 bytes for sending
Encrypted messages put in a queue to be sent
Waiting for messages to send...
Handling RPC result for message 7648608462294398104
Receiving items from the network...
Assigned msg_id = 7648608463019667420 to GetStateRequest (19b9901c1d0)
Encrypting 1 message(s) in 20 bytes for sending
Encrypted messages put in a queue to be sent
Waiting for messages to send...
Assigned msg_id = 7648608463019667424 to MsgsAck (19b9901d640)
Encrypting 1 message(s) in 36 bytes for sending
Encrypted messages put in a queue to be sent
Waiting for messages to send...
Handling RPC result for message 7648608463019667420
Receiving items from the network...
Assigned msg_id = 7648608464739471232 to GetDifferenceRequest (19b9901c1d0)
Encrypting 1 message(s) in 36 bytes for sending
Encrypted messages put in a queue to be sent
Waiting for messages to send...
Assigned msg_id = 7648608464744651592 to MsgsAck (19b98c9eba0)
Encrypting 1 message(s) in 36 bytes for sending
Encrypted messages put in a queue to be sent
Waiting for messages to send...
Handling RPC result for message 7648608464739471232
Receiving items from the network...
Assigned msg_id = 7648608466101884284 to GetUsersRequest (19b98c9c500)
Encrypting 1 message(s) in 32 bytes for sending
Encrypted messages put in a queue to be sent
Waiting for messages to send...
Assigned msg_id = 7648608466103917516 to MsgsAck (19b990379e0)
Encrypting 1 message(s) in 36 bytes for sending
Encrypted messages put in a queue to be sent
Waiting for messages to send...
Handling RPC result for message 7648608466101884284
Receiving items from the network...
Assigned msg_id = 7648608466866371548 to ResolveUsernameRequest (19b99037da0)
Encrypting 1 message(s) in 36 bytes for sending
Encrypted messages put in a queue to be sent
Waiting for messages to send...
Assigned msg_id = 7648608466871014036 to MsgsAck (19b99037b90)
Encrypting 1 message(s) in 36 bytes for sending
Encrypted messages put in a queue to be sent
Waiting for messages to send...
Handling RPC result for message 7648608466866371548
Receiving items from the network...
Assigned msg_id = 7648608467970335400 to GetHistoryRequest (19b99037c50)
Encrypting 1 message(s) in 72 bytes for sending
Encrypted messages put in a queue to be sent
Waiting for messages to send...
Assigned msg_id = 7648608467978468336 to MsgsAck (19b99037e00)
Encrypting 1 message(s) in 36 bytes for sending
Encrypted messages put in a queue to be sent
Waiting for messages to send...
Handling RPC result for message 7648608467970335400
Receiving items from the network...
Assigned msg_id = 7648608469842470208 to GetRepliesRequest (19b99054a70)
Encrypting 1 message(s) in 76 bytes for sending
Encrypted messages put in a queue to be sent
Waiting for messages to send...
Assigned msg_id = 7648608469846487084 to MsgsAck (19b990371d0)
Encrypting 1 message(s) in 36 bytes for sending
Encrypted messages put in a queue to be sent
Waiting for messages to send...
Handling RPC result for message 7648608469842470208
Receiving items from the network...
Assigned msg_id = 7648608470608779948 to MsgsAck (19b99037f50)
Encrypting 1 message(s) in 36 bytes for sending
Encrypted messages put in a queue to be sent
Waiting for messages to send...
Assigned msg_id = 7648608470614847224 to MsgsAck (19b990376e0)
Encrypting 1 message(s) in 36 bytes for sending
Encrypted messages put in a queue to be sent
Waiting for messages to send...
Assigned msg_id = 7648608470618722956 to GetRepliesRequest (19b99036cc0)
Encrypting 1 message(s) in 76 bytes for sending
Encrypted messages put in a queue to be sent
Waiting for messages to send...
Handling RPC result for message 7648608470618722956
Receiving items from the network...
{"details": "Telegram comment does not contain vacancy follow-up signals.", "event": "pipeline_item_dropped", "item_id": "26d0e5f13790f3905b69a3b178d1cedfe890053886c753b40a83d7a1f7d26b9c", "level": "info", "reason": "telegram_low_signal", "timestamp": "2026-06-07T11:07:14.532604Z"}
{"by_source_kind": {"telegram_channel": {"drop_reasons": {"telegram_low_signal": 2}, "dropped": 2, "duplicates": 0, "emitted": 2, "extracted": 2, "failed": 0, "fetched": 4, "partial": 2, "posted": 0, "quarantine_reasons": {}, "quarantined": 0, "rejected": 2, "review": 2, "sanitized": 4, "triaged": 2}, "telegram_comment": {"drop_reasons": {"telegram_low_signal": 1}, "dropped": 1, "duplicates": 0, "emitted": 0, "extracted": 0, "failed": 0, "fetched": 1, "partial": 0, "posted": 0, "quarantine_reasons": {}, "quarantined": 0, "rejected": 1, "review": 0, "sanitized": 1, "triaged": 0}}, "drop_reasons": {"telegram_low_signal": 3}, "dropped": 3, "duplicates": 0, "emitted": 2, "event": "pipeline_run_summary", "extracted": 2, "failed": 0, "fetched": 5, "finished_at": "datetime.datetime(2026, 6, 7, 11, 7, 14, 535159, tzinfo=datetime.timezone.utc)", "level": "info", "partial": 2, "posted": 0, "quarantine_reasons": {}, "quarantined": 0, "rejected": 3, "review": 2, "sanitized": 5, "started_at": "datetime.datetime(2026, 6, 7, 11, 7, 9, 712930, tzinfo=datetime.timezone.utc)", "timestamp": "2026-06-07T11:07:14.537284Z", "triaged": 2}
{"event": "app_run_complete", "level": "info", "output_path": "artifacts\\run_2606\\multisource_tg.jsonl", "summary": {"by_source_kind": {"telegram_channel": {"drop_reasons": {"telegram_low_signal": 2}, "dropped": 2, "duplicates": 0, "emitted": 2, "extracted": 2, "failed": 0, "fetched": 4, "partial": 2, "posted": 0, "quarantine_reasons": {}, "quarantined": 0, "rejected": 2, "review": 2, "sanitized": 4, "triaged": 2}, "telegram_comment": {"drop_reasons": {"telegram_low_signal": 1}, "dropped": 1, "duplicates": 0, "emitted": 0, "extracted": 0, "failed": 0, "fetched": 1, "partial": 0, "posted": 0, "quarantine_reasons": {}, "quarantined": 0, "rejected": 1, "review": 0, "sanitized": 1, "triaged": 0}}, "drop_reasons": {"telegram_low_signal": 3}, "dropped": 3, "duplicates": 0, "emitted": 2, "extracted": 2, "failed": 0, "fetched": 5, "finished_at": "datetime.datetime(2026, 6, 7, 11, 7, 14, 535159, tzinfo=datetime.timezone.utc)", "partial": 2, "posted": 0, "quarantine_reasons": {}, "quarantined": 0, "rejected": 3, "review": 2, "sanitized": 5, "started_at": "datetime.datetime(2026, 6, 7, 11, 7, 9, 712930, tzinfo=datetime.timezone.utc)", "triaged": 2}, "timestamp": "2026-06-07T11:07:14.538536Z"}
Disconnecting from 149.154.167.51:443/TcpFull...
Closing current connection...
Cancelling 0 pending message(s)...
Disconnection from 149.154.167.51:443/TcpFull complete!
DEBUG: Loaded 22 sources from config\tg_channels_11.yaml
DEBUG: Created 22 child sources
