{
  "version": "1.5.0",
  "plugins_used": [
    {
      "name": "ArtifactoryDetector"
    },
    {
      "name": "AWSKeyDetector"
    },
    {
      "name": "AzureStorageKeyDetector"
    },
    {
      "name": "Base64HighEntropyString",
      "limit": 4.5
    },
    {
      "name": "BasicAuthDetector"
    },
    {
      "name": "CloudantDetector"
    },
    {
      "name": "DiscordBotTokenDetector"
    },
    {
      "name": "GitHubTokenDetector"
    },
    {
      "name": "GitLabTokenDetector"
    },
    {
      "name": "HexHighEntropyString",
      "limit": 3.0
    },
    {
      "name": "IbmCloudIamDetector"
    },
    {
      "name": "IbmCosHmacDetector"
    },
    {
      "name": "IPPublicDetector"
    },
    {
      "name": "JwtTokenDetector"
    },
    {
      "name": "KeywordDetector",
      "keyword_exclude": ""
    },
    {
      "name": "MailchimpDetector"
    },
    {
      "name": "NpmDetector"
    },
    {
      "name": "OpenAIDetector"
    },
    {
      "name": "PrivateKeyDetector"
    },
    {
      "name": "PypiTokenDetector"
    },
    {
      "name": "SendGridDetector"
    },
    {
      "name": "SlackDetector"
    },
    {
      "name": "SoftlayerDetector"
    },
    {
      "name": "SquareOAuthDetector"
    },
    {
      "name": "StripeDetector"
    },
    {
      "name": "TelegramBotTokenDetector"
    },
    {
      "name": "TwilioKeyDetector"
    }
  ],
  "filters_used": [
    {
      "path": "detect_secrets.filters.allowlist.is_line_allowlisted"
    },
    {
      "path": "detect_secrets.filters.common.is_baseline_file",
      "filename": ".repo-safety/detect-secrets.baseline"
    },
    {
      "path": "detect_secrets.filters.common.is_ignored_due_to_verification_policies",
      "min_level": 2
    },
    {
      "path": "detect_secrets.filters.heuristic.is_indirect_reference"
    },
    {
      "path": "detect_secrets.filters.heuristic.is_likely_id_string"
    },
    {
      "path": "detect_secrets.filters.heuristic.is_lock_file"
    },
    {
      "path": "detect_secrets.filters.heuristic.is_not_alphanumeric_string"
    },
    {
      "path": "detect_secrets.filters.heuristic.is_potential_uuid"
    },
    {
      "path": "detect_secrets.filters.heuristic.is_prefixed_with_dollar_sign"
    },
    {
      "path": "detect_secrets.filters.heuristic.is_sequential_string"
    },
    {
      "path": "detect_secrets.filters.heuristic.is_swagger_file"
    },
    {
      "path": "detect_secrets.filters.heuristic.is_templated_secret"
    },
    {
      "path": "detect_secrets.filters.regex.should_exclude_file",
      "pattern": [
        "^\\.repo-safety[\\\\/]detect-secrets\\.baseline$",
        "^(fixtures[\\\\/]dataset[\\\\/](patches|splits)[\\\\/].*|fixtures[\\\\/]prefilter[\\\\/]tfidf_logreg_v1\\.json|config[\\\\/]recipes[\\\\/].*\\.json|config[\\\\/](legacy_baselines[\\\\/]historical_86bc192|pipelines[\\\\/]historical_86bc192)\\.yaml)$"
      ]
    }
  ],
  "results": {
    ".env.dev.example": [
      {
        "type": "Basic Auth Credentials",
        "filename": ".env.dev.example",
        "hashed_secret": "7205a0abf00d1daec13c63ece029057c974795a9",
        "is_verified": false,
        "line_number": 13
      }
    ],
    ".env.prod.example": [
      {
        "type": "Basic Auth Credentials",
        "filename": ".env.prod.example",
        "hashed_secret": "f9c50c05f2fc4daf97ea0fe6c29a7cc656d8501d",
        "is_verified": false,
        "line_number": 13
      }
    ],
    "docs\\env_reference.md": [
      {
        "type": "Basic Auth Credentials",
        "filename": "docs\\env_reference.md",
        "hashed_secret": "112bb791304791ddcf692e29fd5cf149b35fea37",
        "is_verified": false,
        "line_number": 72
      }
    ],
    "fixtures\\real_world\\career_site_ingest_working_urls_20260704_183056_837e5076.yaml": [
      {
        "type": "Hex High Entropy String",
        "filename": "fixtures\\real_world\\career_site_ingest_working_urls_20260704_183056_837e5076.yaml",
        "hashed_secret": "28b40ed8e43633eb0432183ce71654d464e7fd80",
        "is_verified": false,
        "line_number": 3
      }
    ],
    "fixtures\\real_world\\failed_parsers_html\\arc_dev_.html": [
      {
        "type": "Hex High Entropy String",
        "filename": "fixtures\\real_world\\failed_parsers_html\\arc_dev_.html",
        "hashed_secret": "94015ca5c27fc958307d065629f101e741524b37",
        "is_verified": false,
        "line_number": 264
      }
    ],
    "fixtures\\real_world\\failed_parsers_html\\new_batch2\\arc_dev.html": [
      {
        "type": "Hex High Entropy String",
        "filename": "fixtures\\real_world\\failed_parsers_html\\new_batch2\\arc_dev.html",
        "hashed_secret": "94015ca5c27fc958307d065629f101e741524b37",
        "is_verified": false,
        "line_number": 264
      }
    ],
    "fixtures\\real_world\\failed_parsers_html\\new_batch2\\nvidia_com_en-us_careers.html": [
      {
        "type": "Base64 High Entropy String",
        "filename": "fixtures\\real_world\\failed_parsers_html\\new_batch2\\nvidia_com_en-us_careers.html",
        "hashed_secret": "45df553ff9e5c0ff97d99089e8a7cd41a972b6c9",
        "is_verified": false,
        "line_number": 35
      }
    ],
    "fixtures\\real_world\\failed_parsers_html\\new_batch2\\ru_jooble_org.html": [
      {
        "type": "Hex High Entropy String",
        "filename": "fixtures\\real_world\\failed_parsers_html\\new_batch2\\ru_jooble_org.html",
        "hashed_secret": "5aeeb843c75cab2a36ef17db43c2584829382921",
        "is_verified": false,
        "line_number": 63
      }
    ],
    "fixtures\\real_world\\failed_parsers_html\\new_batch4\\kapitalbank_list.html": [
      {
        "type": "Hex High Entropy String",
        "filename": "fixtures\\real_world\\failed_parsers_html\\new_batch4\\kapitalbank_list.html",
        "hashed_secret": "bd5db8dd3768cc76beca62adcabdedf6814f624a",
        "is_verified": false,
        "line_number": 1
      }
    ],
    "fixtures\\real_world\\failed_parsers_html\\new_batch4\\mytaxi_uz.html": [
      {
        "type": "Hex High Entropy String",
        "filename": "fixtures\\real_world\\failed_parsers_html\\new_batch4\\mytaxi_uz.html",
        "hashed_secret": "c5c48232e540e36c50ddd8d4ab58d183f961f243",
        "is_verified": false,
        "line_number": 1
      }
    ],
    "fixtures\\real_world\\failed_parsers_html\\new_batch4\\najottalim_uz.html": [
      {
        "type": "Hex High Entropy String",
        "filename": "fixtures\\real_world\\failed_parsers_html\\new_batch4\\najottalim_uz.html",
        "hashed_secret": "4387314a31601f3c00f7d5995bfc508df3266903",
        "is_verified": false,
        "line_number": 1
      },
      {
        "type": "Base64 High Entropy String",
        "filename": "fixtures\\real_world\\failed_parsers_html\\new_batch4\\najottalim_uz.html",
        "hashed_secret": "7c7e89f2321356f4db97f1f8444965c9cadc23c8",
        "is_verified": false,
        "line_number": 1
      },
      {
        "type": "Hex High Entropy String",
        "filename": "fixtures\\real_world\\failed_parsers_html\\new_batch4\\najottalim_uz.html",
        "hashed_secret": "834cbc05eed6f104fe0ccfe94949828dbf85bb6b",
        "is_verified": false,
        "line_number": 1
      },
      {
        "type": "Base64 High Entropy String",
        "filename": "fixtures\\real_world\\failed_parsers_html\\new_batch4\\najottalim_uz.html",
        "hashed_secret": "d79e9a441c3e52451e656d9d3ee3cd64b2df809c",
        "is_verified": false,
        "line_number": 1
      }
    ],
    "fixtures\\real_world\\failed_parsers_html\\new_batch4\\olx_uz.html": [
      {
        "type": "Hex High Entropy String",
        "filename": "fixtures\\real_world\\failed_parsers_html\\new_batch4\\olx_uz.html",
        "hashed_secret": "e73224dc55cdaf1e42a29aeea4aed88e6b216430",
        "is_verified": false,
        "line_number": 63
      }
    ],
    "fixtures\\real_world\\failed_parsers_html\\new_batch4\\ru_jooble_org.html": [
      {
        "type": "Hex High Entropy String",
        "filename": "fixtures\\real_world\\failed_parsers_html\\new_batch4\\ru_jooble_org.html",
        "hashed_secret": "e73224dc55cdaf1e42a29aeea4aed88e6b216430",
        "is_verified": false,
        "line_number": 63
      }
    ],
    "fixtures\\real_world\\failed_parsers_html\\new_batch4\\yandex_uz.html": [
      {
        "type": "Hex High Entropy String",
        "filename": "fixtures\\real_world\\failed_parsers_html\\new_batch4\\yandex_uz.html",
        "hashed_secret": "e73224dc55cdaf1e42a29aeea4aed88e6b216430",
        "is_verified": false,
        "line_number": 63
      }
    ],
    "fixtures\\real_world\\failed_parsers_html\\new_batch\\2gis_ru.html": [
      {
        "type": "Base64 High Entropy String",
        "filename": "fixtures\\real_world\\failed_parsers_html\\new_batch\\2gis_ru.html",
        "hashed_secret": "870e5c66d7912f296728593d84121adacad37dc9",
        "is_verified": false,
        "line_number": 1
      },
      {
        "type": "Base64 High Entropy String",
        "filename": "fixtures\\real_world\\failed_parsers_html\\new_batch\\2gis_ru.html",
        "hashed_secret": "ffee13ec722e261bcd51dd2d61c6e45b45f35add",
        "is_verified": false,
        "line_number": 54
      },
      {
        "type": "Base64 High Entropy String",
        "filename": "fixtures\\real_world\\failed_parsers_html\\new_batch\\2gis_ru.html",
        "hashed_secret": "612550718c4600b12b7ed5e61d99ccd637bfcb27",
        "is_verified": false,
        "line_number": 55
      }
    ],
    "fixtures\\real_world\\failed_parsers_html\\new_batch\\boards_greenhouse_io.html": [
      {
        "type": "Hex High Entropy String",
        "filename": "fixtures\\real_world\\failed_parsers_html\\new_batch\\boards_greenhouse_io.html",
        "hashed_secret": "93c2ec62cc6c7b76b09b0bd13c3617cee7e43fc1",
        "is_verified": false,
        "line_number": 1
      },
      {
        "type": "Base64 High Entropy String",
        "filename": "fixtures\\real_world\\failed_parsers_html\\new_batch\\boards_greenhouse_io.html",
        "hashed_secret": "a3207b1ca76fb6d81fb2acfb45bc36f8393f853e",
        "is_verified": false,
        "line_number": 1
      },
      {
        "type": "Hex High Entropy String",
        "filename": "fixtures\\real_world\\failed_parsers_html\\new_batch\\boards_greenhouse_io.html",
        "hashed_secret": "baafb2f420d5e1c0f2bd600d5846c04bdb1f6841",
        "is_verified": false,
        "line_number": 1
      },
      {
        "type": "Base64 High Entropy String",
        "filename": "fixtures\\real_world\\failed_parsers_html\\new_batch\\boards_greenhouse_io.html",
        "hashed_secret": "e3c9c81edbf89f0d6caff2230fe740d7cc569fed",
        "is_verified": false,
        "line_number": 1
      },
      {
        "type": "Base64 High Entropy String",
        "filename": "fixtures\\real_world\\failed_parsers_html\\new_batch\\boards_greenhouse_io.html",
        "hashed_secret": "651eef321aa9203e982f122875835f1305203ffb",
        "is_verified": false,
        "line_number": 72
      },
      {
        "type": "Base64 High Entropy String",
        "filename": "fixtures\\real_world\\failed_parsers_html\\new_batch\\boards_greenhouse_io.html",
        "hashed_secret": "39a08ac445f50486edff4155f09abc7ef7d89811",
        "is_verified": false,
        "line_number": 1878
      },
      {
        "type": "Base64 High Entropy String",
        "filename": "fixtures\\real_world\\failed_parsers_html\\new_batch\\boards_greenhouse_io.html",
        "hashed_secret": "8870188ad89a4f4d369f924ee19e34e3718e545e",
        "is_verified": false,
        "line_number": 1878
      },
      {
        "type": "Base64 High Entropy String",
        "filename": "fixtures\\real_world\\failed_parsers_html\\new_batch\\boards_greenhouse_io.html",
        "hashed_secret": "990960544a97a921ba934bf426426ae59303bb6e",
        "is_verified": false,
        "line_number": 1878
      },
      {
        "type": "Base64 High Entropy String",
        "filename": "fixtures\\real_world\\failed_parsers_html\\new_batch\\boards_greenhouse_io.html",
        "hashed_secret": "f203e416e4221e3e82e5df849dc7a0484b4c9e63",
        "is_verified": false,
        "line_number": 1878
      },
      {
        "type": "Hex High Entropy String",
        "filename": "fixtures\\real_world\\failed_parsers_html\\new_batch\\boards_greenhouse_io.html",
        "hashed_secret": "1aef95d76cb0527c990aa264e73d193cb36a7cd4",
        "is_verified": false,
        "line_number": 2165
      }
    ],
    "fixtures\\real_world\\failed_parsers_html\\new_batch\\btsdigital_kz.html": [
      {
        "type": "Hex High Entropy String",
        "filename": "fixtures\\real_world\\failed_parsers_html\\new_batch\\btsdigital_kz.html",
        "hashed_secret": "8f221f54074a260af9e44c882036097b34228385",
        "is_verified": false,
        "line_number": 5
      }
    ],
    "fixtures\\real_world\\failed_parsers_html\\new_batch\\euremotejobs_com.html": [
      {
        "type": "Secret Keyword",
        "filename": "fixtures\\real_world\\failed_parsers_html\\new_batch\\euremotejobs_com.html",
        "hashed_secret": "044b852f30b636aa923b18a61a35c79abc87556f",
        "is_verified": false,
        "line_number": 5066
      },
      {
        "type": "Base64 High Entropy String",
        "filename": "fixtures\\real_world\\failed_parsers_html\\new_batch\\euremotejobs_com.html",
        "hashed_secret": "c1fccb202ebb002a089f0a49e2d0729a098e8fb1",
        "is_verified": false,
        "line_number": 5137
      },
      {
        "type": "Hex High Entropy String",
        "filename": "fixtures\\real_world\\failed_parsers_html\\new_batch\\euremotejobs_com.html",
        "hashed_secret": "c7be459b27fab1450ce0eec547851a7ef605e907",
        "is_verified": false,
        "line_number": 5137
      }
    ],
    "fixtures\\real_world\\failed_parsers_html\\new_batch\\jobs_ashbyhq_com.html": [
      {
        "type": "Base64 High Entropy String",
        "filename": "fixtures\\real_world\\failed_parsers_html\\new_batch\\jobs_ashbyhq_com.html",
        "hashed_secret": "4fa5ed67f3f314e87215476618791f38a1e7c0ee",
        "is_verified": false,
        "line_number": 5
      },
      {
        "type": "Base64 High Entropy String",
        "filename": "fixtures\\real_world\\failed_parsers_html\\new_batch\\jobs_ashbyhq_com.html",
        "hashed_secret": "1c3e43e681a169525659f6cdb8c3e113586e95a5",
        "is_verified": false,
        "line_number": 23
      }
    ],
    "fixtures\\real_world\\failed_parsers_html\\new_batch\\otta_com.html": [
      {
        "type": "Hex High Entropy String",
        "filename": "fixtures\\real_world\\failed_parsers_html\\new_batch\\otta_com.html",
        "hashed_secret": "8cd233ba7dded916972e40c29d07d011fb1c24ce",
        "is_verified": false,
        "line_number": 47
      }
    ],
    "fixtures\\real_world\\failed_parsers_html\\new_batch\\people_andersenlab_com.html": [
      {
        "type": "Base64 High Entropy String",
        "filename": "fixtures\\real_world\\failed_parsers_html\\new_batch\\people_andersenlab_com.html",
        "hashed_secret": "870e5c66d7912f296728593d84121adacad37dc9",
        "is_verified": false,
        "line_number": 1
      },
      {
        "type": "Base64 High Entropy String",
        "filename": "fixtures\\real_world\\failed_parsers_html\\new_batch\\people_andersenlab_com.html",
        "hashed_secret": "ffee13ec722e261bcd51dd2d61c6e45b45f35add",
        "is_verified": false,
        "line_number": 1
      }
    ],
    "fixtures\\real_world\\failed_parsers_html\\new_batch\\ru_jooble_org.html": [
      {
        "type": "Hex High Entropy String",
        "filename": "fixtures\\real_world\\failed_parsers_html\\new_batch\\ru_jooble_org.html",
        "hashed_secret": "bfe826db18f2fb557eada55283f4c956dbae87a5",
        "is_verified": false,
        "line_number": 63
      }
    ],
    "fixtures\\real_world\\failed_parsers_html\\new_batch\\wellfound.com.html": [
      {
        "type": "Hex High Entropy String",
        "filename": "fixtures\\real_world\\failed_parsers_html\\new_batch\\wellfound.com.html",
        "hashed_secret": "5fefd604a25822dd2800fb575e569342b698dc27",
        "is_verified": false,
        "line_number": 357
      }
    ],
    "fixtures\\real_world\\failed_parsers_html\\new_batch\\wildberries_ru.html": [
      {
        "type": "Hex High Entropy String",
        "filename": "fixtures\\real_world\\failed_parsers_html\\new_batch\\wildberries_ru.html",
        "hashed_secret": "f834bb4266a9b2c51355ce402a17195a55ce7670",
        "is_verified": false,
        "line_number": 28
      },
      {
        "type": "Hex High Entropy String",
        "filename": "fixtures\\real_world\\failed_parsers_html\\new_batch\\wildberries_ru.html",
        "hashed_secret": "2a62db04323cd637019b5ef1b838d41de8cde58e",
        "is_verified": false,
        "line_number": 60
      }
    ],
    "fixtures\\real_world\\failed_parsers_html\\new_batch\\x5-tech_ru.html": [
      {
        "type": "Hex High Entropy String",
        "filename": "fixtures\\real_world\\failed_parsers_html\\new_batch\\x5-tech_ru.html",
        "hashed_secret": "4283a5202bdd2a88856340240d77024181e78289",
        "is_verified": false,
        "line_number": 1
      }
    ],
    "fixtures\\real_world\\failed_parsers_html\\new_batch\\x5_tech_ru.html": [
      {
        "type": "Hex High Entropy String",
        "filename": "fixtures\\real_world\\failed_parsers_html\\new_batch\\x5_tech_ru.html",
        "hashed_secret": "4283a5202bdd2a88856340240d77024181e78289",
        "is_verified": false,
        "line_number": 1
      }
    ],
    "fixtures\\real_world\\failed_parsers_html\\otta_com_.html": [
      {
        "type": "Hex High Entropy String",
        "filename": "fixtures\\real_world\\failed_parsers_html\\otta_com_.html",
        "hashed_secret": "8cd233ba7dded916972e40c29d07d011fb1c24ce",
        "is_verified": false,
        "line_number": 47
      }
    ],
    "fixtures\\real_world\\failed_parsers_html\\people_andersenlab_com_vacancies.html": [
      {
        "type": "Base64 High Entropy String",
        "filename": "fixtures\\real_world\\failed_parsers_html\\people_andersenlab_com_vacancies.html",
        "hashed_secret": "870e5c66d7912f296728593d84121adacad37dc9",
        "is_verified": false,
        "line_number": 1
      },
      {
        "type": "Base64 High Entropy String",
        "filename": "fixtures\\real_world\\failed_parsers_html\\people_andersenlab_com_vacancies.html",
        "hashed_secret": "ffee13ec722e261bcd51dd2d61c6e45b45f35add",
        "is_verified": false,
        "line_number": 1
      }
    ],
    "fixtures\\real_world\\failed_parsers_html\\ru_jooble_org_.html": [
      {
        "type": "Hex High Entropy String",
        "filename": "fixtures\\real_world\\failed_parsers_html\\ru_jooble_org_.html",
        "hashed_secret": "9a703a499fbfec1edf33420a8b25a3626cf4d5c2",
        "is_verified": false,
        "line_number": 63
      }
    ],
    "job_ftch\\infrastructure\\bypass\\cloak_bypass.py": [
      {
        "type": "Basic Auth Credentials",
        "filename": "job_ftch\\infrastructure\\bypass\\cloak_bypass.py",
        "hashed_secret": "9d4e1e23bd5b727046a9e3b4b7db57bd8d6ee684",
        "is_verified": false,
        "line_number": 25
      }
    ],
    "job_ftch\\infrastructure\\bypass\\proxy_bypass.py": [
      {
        "type": "Basic Auth Credentials",
        "filename": "job_ftch\\infrastructure\\bypass\\proxy_bypass.py",
        "hashed_secret": "9d4e1e23bd5b727046a9e3b4b7db57bd8d6ee684",
        "is_verified": false,
        "line_number": 22
      }
    ],
    "job_ftch\\infrastructure\\language\\translator.py": [
      {
        "type": "Hex High Entropy String",
        "filename": "job_ftch\\infrastructure\\language\\translator.py",
        "hashed_secret": "6359df4b92b0e206e9dc2ca4a63496bf92b0c600",
        "is_verified": false,
        "line_number": 23
      },
      {
        "type": "Hex High Entropy String",
        "filename": "job_ftch\\infrastructure\\language\\translator.py",
        "hashed_secret": "611b344aa2d1927a2d238b0939694ea8eec9fbf7",
        "is_verified": false,
        "line_number": 24
      }
    ],
    "job_ftch\\infrastructure\\sources\\site_parsers\\dynamitejobs.py": [
      {
        "type": "Hex High Entropy String",
        "filename": "job_ftch\\infrastructure\\sources\\site_parsers\\dynamitejobs.py",
        "hashed_secret": "e1c14b699d287ffa1f48d337d4916bda9321454b",
        "is_verified": false,
        "line_number": 87
      }
    ],
    "scripts\\eval\\apply_manual_target_label_fixes.py": [
      {
        "type": "Hex High Entropy String",
        "filename": "scripts\\eval\\apply_manual_target_label_fixes.py",
        "hashed_secret": "f396aadbeb27388e18020c480951297e54cff100",
        "is_verified": false,
        "line_number": 11
      },
      {
        "type": "Hex High Entropy String",
        "filename": "scripts\\eval\\apply_manual_target_label_fixes.py",
        "hashed_secret": "a6c0f921bea2a2c9975bd55d011d39a46556b567",
        "is_verified": false,
        "line_number": 14
      },
      {
        "type": "Hex High Entropy String",
        "filename": "scripts\\eval\\apply_manual_target_label_fixes.py",
        "hashed_secret": "fcca8d205bdb097dd8da46a3780ca2ca40d97eb8",
        "is_verified": false,
        "line_number": 17
      },
      {
        "type": "Hex High Entropy String",
        "filename": "scripts\\eval\\apply_manual_target_label_fixes.py",
        "hashed_secret": "6196ce71bf7e577152e64684ecaa56dc4675c842",
        "is_verified": false,
        "line_number": 20
      },
      {
        "type": "Hex High Entropy String",
        "filename": "scripts\\eval\\apply_manual_target_label_fixes.py",
        "hashed_secret": "4c2396127b6ca434b2e4c1fef44a2381979fa891",
        "is_verified": false,
        "line_number": 23
      },
      {
        "type": "Hex High Entropy String",
        "filename": "scripts\\eval\\apply_manual_target_label_fixes.py",
        "hashed_secret": "e339f4982bb943a574f05d489f3c5589c6183ded",
        "is_verified": false,
        "line_number": 26
      },
      {
        "type": "Hex High Entropy String",
        "filename": "scripts\\eval\\apply_manual_target_label_fixes.py",
        "hashed_secret": "9552d709c264025f90c83b200451031aa9653d76",
        "is_verified": false,
        "line_number": 29
      },
      {
        "type": "Hex High Entropy String",
        "filename": "scripts\\eval\\apply_manual_target_label_fixes.py",
        "hashed_secret": "cb551fe71720569559cf3338a67059bd250e33d5",
        "is_verified": false,
        "line_number": 32
      },
      {
        "type": "Hex High Entropy String",
        "filename": "scripts\\eval\\apply_manual_target_label_fixes.py",
        "hashed_secret": "353580a54a9085126dcf260e79150927273d743a",
        "is_verified": false,
        "line_number": 35
      },
      {
        "type": "Hex High Entropy String",
        "filename": "scripts\\eval\\apply_manual_target_label_fixes.py",
        "hashed_secret": "052af747eb6e50b2168c1c47497fa20b70d482ec",
        "is_verified": false,
        "line_number": 38
      },
      {
        "type": "Hex High Entropy String",
        "filename": "scripts\\eval\\apply_manual_target_label_fixes.py",
        "hashed_secret": "76e5d36cff95946bc27ba5015b0d03eb12e1a456",
        "is_verified": false,
        "line_number": 41
      },
      {
        "type": "Hex High Entropy String",
        "filename": "scripts\\eval\\apply_manual_target_label_fixes.py",
        "hashed_secret": "2d95a349c74f7d25d21b2e7f8d1fa2b2960cb47e",
        "is_verified": false,
        "line_number": 44
      },
      {
        "type": "Hex High Entropy String",
        "filename": "scripts\\eval\\apply_manual_target_label_fixes.py",
        "hashed_secret": "bd10795e22dc2d59439a85dafa78a1b9cc4898ef",
        "is_verified": false,
        "line_number": 47
      },
      {
        "type": "Hex High Entropy String",
        "filename": "scripts\\eval\\apply_manual_target_label_fixes.py",
        "hashed_secret": "d8635a2e4704162055ad083e9680aa5d0813cae5",
        "is_verified": false,
        "line_number": 51
      },
      {
        "type": "Hex High Entropy String",
        "filename": "scripts\\eval\\apply_manual_target_label_fixes.py",
        "hashed_secret": "0c7ada0548d5dea38ec21b2ca1956a7d3e689264",
        "is_verified": false,
        "line_number": 55
      },
      {
        "type": "Hex High Entropy String",
        "filename": "scripts\\eval\\apply_manual_target_label_fixes.py",
        "hashed_secret": "e5a7883662dab4f2b6c300feedb19812959018b9",
        "is_verified": false,
        "line_number": 59
      }
    ],
    "tests\\application\\test_logging_sanitization.py": [
      {
        "type": "Basic Auth Credentials",
        "filename": "tests\\application\\test_logging_sanitization.py",
        "hashed_secret": "5baa61e4c9b93f3f0682250b6cf8331b7ee68fd8",
        "is_verified": false,
        "line_number": 10
      },
      {
        "type": "Basic Auth Credentials",
        "filename": "tests\\application\\test_logging_sanitization.py",
        "hashed_secret": "f2b14f68eb995facb3a1c35287b778d5bd785511",
        "is_verified": false,
        "line_number": 24
      }
    ],
    "tests\\infrastructure\\backends\\jobs\\test_postgres_backend.py": [
      {
        "type": "Basic Auth Credentials",
        "filename": "tests\\infrastructure\\backends\\jobs\\test_postgres_backend.py",
        "hashed_secret": "9d4e1e23bd5b727046a9e3b4b7db57bd8d6ee684",
        "is_verified": false,
        "line_number": 10
      }
    ],
    "tests\\infrastructure\\backends\\jobs\\test_postgres_migrations.py": [
      {
        "type": "Basic Auth Credentials",
        "filename": "tests\\infrastructure\\backends\\jobs\\test_postgres_migrations.py",
        "hashed_secret": "afc848c316af1a89d49826c5ae9d00ed769415f3",
        "is_verified": false,
        "line_number": 10
      }
    ],
    "tests\\infrastructure\\bypass\\test_attempt_budget.py": [
      {
        "type": "Basic Auth Credentials",
        "filename": "tests\\infrastructure\\bypass\\test_attempt_budget.py",
        "hashed_secret": "5baa61e4c9b93f3f0682250b6cf8331b7ee68fd8",
        "is_verified": false,
        "line_number": 74
      }
    ],
    "tests\\infrastructure\\bypass\\test_domain_intel_persistence.py": [
      {
        "type": "Basic Auth Credentials",
        "filename": "tests\\infrastructure\\bypass\\test_domain_intel_persistence.py",
        "hashed_secret": "5baa61e4c9b93f3f0682250b6cf8331b7ee68fd8",
        "is_verified": false,
        "line_number": 21
      }
    ],
    "tests\\infrastructure\\bypass\\test_managed.py": [
      {
        "type": "Secret Keyword",
        "filename": "tests\\infrastructure\\bypass\\test_managed.py",
        "hashed_secret": "cc122ca99d7bf5a95c9a205a251a3d87ea1d0637",
        "is_verified": false,
        "line_number": 40
      }
    ],
    "tests\\infrastructure\\bypass\\test_wave3_proxy.py": [
      {
        "type": "Secret Keyword",
        "filename": "tests\\infrastructure\\bypass\\test_wave3_proxy.py",
        "hashed_secret": "aafdc23870ecbcd3d557b6423a8982134e17927e",
        "is_verified": false,
        "line_number": 39
      },
      {
        "type": "Secret Keyword",
        "filename": "tests\\infrastructure\\bypass\\test_wave3_proxy.py",
        "hashed_secret": "e727d1464ae12436e899a726da5b2f11d8381b26",
        "is_verified": false,
        "line_number": 52
      },
      {
        "type": "Secret Keyword",
        "filename": "tests\\infrastructure\\bypass\\test_wave3_proxy.py",
        "hashed_secret": "cad9d2ec54ffd8218f8df1063fff53ec62963d3f",
        "is_verified": false,
        "line_number": 63
      },
      {
        "type": "Secret Keyword",
        "filename": "tests\\infrastructure\\bypass\\test_wave3_proxy.py",
        "hashed_secret": "9d4e1e23bd5b727046a9e3b4b7db57bd8d6ee684",
        "is_verified": false,
        "line_number": 143
      },
      {
        "type": "Basic Auth Credentials",
        "filename": "tests\\infrastructure\\bypass\\test_wave3_proxy.py",
        "hashed_secret": "9d4e1e23bd5b727046a9e3b4b7db57bd8d6ee684",
        "is_verified": false,
        "line_number": 443
      },
      {
        "type": "Secret Keyword",
        "filename": "tests\\infrastructure\\bypass\\test_wave3_proxy.py",
        "hashed_secret": "a94a8fe5ccb19ba61c4c0873d391e987982fbbd3",
        "is_verified": false,
        "line_number": 471
      }
    ],
    "tests\\infrastructure\\llm\\test_openai_provider.py": [
      {
        "type": "Secret Keyword",
        "filename": "tests\\infrastructure\\llm\\test_openai_provider.py",
        "hashed_secret": "e9a5f12a8ecbb3eb46eca5096b5c52aa5e7c9fdd",
        "is_verified": false,
        "line_number": 81
      }
    ],
    "tests\\test_config.py": [
      {
        "type": "Basic Auth Credentials",
        "filename": "tests\\test_config.py",
        "hashed_secret": "9d4e1e23bd5b727046a9e3b4b7db57bd8d6ee684",
        "is_verified": false,
        "line_number": 134
      },
      {
        "type": "Basic Auth Credentials",
        "filename": "tests\\test_config.py",
        "hashed_secret": "e5e9fa1ba31ecd1ae84f75caaa474f3a663f05f4",
        "is_verified": false,
        "line_number": 174
      }
    ],
    "tests\\test_indeed_site_parser.py": [
      {
        "type": "Hex High Entropy String",
        "filename": "tests\\test_indeed_site_parser.py",
        "hashed_secret": "175a1e04a305384793bebc898007a4b595af3abb",
        "is_verified": false,
        "line_number": 24
      },
      {
        "type": "Hex High Entropy String",
        "filename": "tests\\test_indeed_site_parser.py",
        "hashed_secret": "7a973b094212f01b2bd7f93f0a6fe5b7231c881a",
        "is_verified": false,
        "line_number": 24
      }
    ],
    "tests\\test_registry_fallback.py": [
      {
        "type": "Basic Auth Credentials",
        "filename": "tests\\test_registry_fallback.py",
        "hashed_secret": "9d4e1e23bd5b727046a9e3b4b7db57bd8d6ee684",
        "is_verified": false,
        "line_number": 117
      }
    ]
  },
  "generated_at": "2026-08-04T16:18:47Z"
}
