{
  "version": "1.5.0",
  "plugins_used": [
    {
      "name": "ArtifactoryDetector"
    },
    {
      "name": "AWSKeyDetector"
    },
    {
      "name": "AzureStorageKeyDetector"
    },
    {
      "name": "Base64HighEntropyString",
      "limit": 4.5
    },
    {
      "name": "BasicAuthDetector"
    },
    {
      "name": "CloudantDetector"
    },
    {
      "name": "DiscordBotTokenDetector"
    },
    {
      "name": "GitHubTokenDetector"
    },
    {
      "name": "GitLabTokenDetector"
    },
    {
      "name": "HexHighEntropyString",
      "limit": 3.0
    },
    {
      "name": "IbmCloudIamDetector"
    },
    {
      "name": "IbmCosHmacDetector"
    },
    {
      "name": "IPPublicDetector"
    },
    {
      "name": "JwtTokenDetector"
    },
    {
      "name": "KeywordDetector",
      "keyword_exclude": ""
    },
    {
      "name": "MailchimpDetector"
    },
    {
      "name": "NpmDetector"
    },
    {
      "name": "OpenAIDetector"
    },
    {
      "name": "PrivateKeyDetector"
    },
    {
      "name": "PypiTokenDetector"
    },
    {
      "name": "SendGridDetector"
    },
    {
      "name": "SlackDetector"
    },
    {
      "name": "SoftlayerDetector"
    },
    {
      "name": "SquareOAuthDetector"
    },
    {
      "name": "StripeDetector"
    },
    {
      "name": "TelegramBotTokenDetector"
    },
    {
      "name": "TwilioKeyDetector"
    }
  ],
  "filters_used": [
    {
      "path": "detect_secrets.filters.allowlist.is_line_allowlisted"
    },
    {
      "path": "detect_secrets.filters.common.is_baseline_file",
      "filename": ".repo-safety/detect-secrets.baseline"
    },
    {
      "path": "detect_secrets.filters.common.is_ignored_due_to_verification_policies",
      "min_level": 2
    },
    {
      "path": "detect_secrets.filters.heuristic.is_indirect_reference"
    },
    {
      "path": "detect_secrets.filters.heuristic.is_likely_id_string"
    },
    {
      "path": "detect_secrets.filters.heuristic.is_lock_file"
    },
    {
      "path": "detect_secrets.filters.heuristic.is_not_alphanumeric_string"
    },
    {
      "path": "detect_secrets.filters.heuristic.is_potential_uuid"
    },
    {
      "path": "detect_secrets.filters.heuristic.is_prefixed_with_dollar_sign"
    },
    {
      "path": "detect_secrets.filters.heuristic.is_sequential_string"
    },
    {
      "path": "detect_secrets.filters.heuristic.is_swagger_file"
    },
    {
      "path": "detect_secrets.filters.heuristic.is_templated_secret"
    },
    {
      "path": "detect_secrets.filters.regex.should_exclude_file",
      "pattern": [
        "^\\.repo-safety[\\\\/]detect-secrets\\.baseline$",
        "^(fixtures[\\\\/]dataset[\\\\/](patches|splits)[\\\\/].*|fixtures[\\\\/]prefilter[\\\\/]tfidf_logreg_v1\\.json|config[\\\\/]recipes[\\\\/].*\\.json|config[\\\\/](legacy_baselines[\\\\/]historical_86bc192|pipelines[\\\\/]historical_86bc192)\\.yaml|tools[\\\\/]bot_parity_lab[\\\\/](sample_artifacts[\\\\/].*|data[\\\\/]oss_components\\.json|checksums\\.sha256))$"
      ]
    }
  ],
  "results": {
    "reports\\telegram_duplicate_urls_2026-08-25.csv": [
      {
        "type": "Hex High Entropy String",
        "filename": "reports\\telegram_duplicate_urls_2026-08-25.csv",
        "hashed_secret": "cd4c340c3182154c2f95de41c8a6fb731bf83f15",
        "is_verified": false,
        "line_number": 4
      },
      {
        "type": "Hex High Entropy String",
        "filename": "reports\\telegram_duplicate_urls_2026-08-25.csv",
        "hashed_secret": "a7f9b9315c02ae4d89e7a31d571fa6ddc35afc94",
        "is_verified": false,
        "line_number": 5
      },
      {
        "type": "Hex High Entropy String",
        "filename": "reports\\telegram_duplicate_urls_2026-08-25.csv",
        "hashed_secret": "26cff6d7f019f45afe6d007482f26fec85146e75",
        "is_verified": false,
        "line_number": 7
      },
      {
        "type": "Hex High Entropy String",
        "filename": "reports\\telegram_duplicate_urls_2026-08-25.csv",
        "hashed_secret": "c66522199d912abc11bde07a3bcd6659a4733dfd",
        "is_verified": false,
        "line_number": 8
      },
      {
        "type": "Hex High Entropy String",
        "filename": "reports\\telegram_duplicate_urls_2026-08-25.csv",
        "hashed_secret": "0ac6e358348fda4034f371061b62f7b71d14ad97",
        "is_verified": false,
        "line_number": 9
      },
      {
        "type": "Hex High Entropy String",
        "filename": "reports\\telegram_duplicate_urls_2026-08-25.csv",
        "hashed_secret": "5472c52019f006745389299e27d286ead8c0eb00",
        "is_verified": false,
        "line_number": 10
      },
      {
        "type": "Hex High Entropy String",
        "filename": "reports\\telegram_duplicate_urls_2026-08-25.csv",
        "hashed_secret": "6642a4266e2b60ffef174c1b05194211fbf1f451",
        "is_verified": false,
        "line_number": 11
      },
      {
        "type": "Hex High Entropy String",
        "filename": "reports\\telegram_duplicate_urls_2026-08-25.csv",
        "hashed_secret": "c5fcbd1612d819859616e2ae6ffa53f3b9b62ca6",
        "is_verified": false,
        "line_number": 12
      },
      {
        "type": "Hex High Entropy String",
        "filename": "reports\\telegram_duplicate_urls_2026-08-25.csv",
        "hashed_secret": "73fe3971577232598a497f8a1641916415a16d4c",
        "is_verified": false,
        "line_number": 17
      },
      {
        "type": "Hex High Entropy String",
        "filename": "reports\\telegram_duplicate_urls_2026-08-25.csv",
        "hashed_secret": "46b23cfa169598209a1aeadc82678d30af58ab55",
        "is_verified": false,
        "line_number": 22
      },
      {
        "type": "Hex High Entropy String",
        "filename": "reports\\telegram_duplicate_urls_2026-08-25.csv",
        "hashed_secret": "e5550ca8f718da6cbb880949b8734b27e4deb0c4",
        "is_verified": false,
        "line_number": 49
      },
      {
        "type": "Hex High Entropy String",
        "filename": "reports\\telegram_duplicate_urls_2026-08-25.csv",
        "hashed_secret": "b9dd844ebc400d57028731123e750d105c64f966",
        "is_verified": false,
        "line_number": 58
      },
      {
        "type": "Hex High Entropy String",
        "filename": "reports\\telegram_duplicate_urls_2026-08-25.csv",
        "hashed_secret": "7b8df6589d23c79980de3190307fb622f26ab21a",
        "is_verified": false,
        "line_number": 62
      },
      {
        "type": "Hex High Entropy String",
        "filename": "reports\\telegram_duplicate_urls_2026-08-25.csv",
        "hashed_secret": "1d846925941fccc4de72fe1a9a8137b1c7defd88",
        "is_verified": false,
        "line_number": 63
      },
      {
        "type": "Hex High Entropy String",
        "filename": "reports\\telegram_duplicate_urls_2026-08-25.csv",
        "hashed_secret": "062c4582d67ce029d0636afe4af0687fcbbfee1e",
        "is_verified": false,
        "line_number": 64
      },
      {
        "type": "Hex High Entropy String",
        "filename": "reports\\telegram_duplicate_urls_2026-08-25.csv",
        "hashed_secret": "ce42f1fea158343d2bde219d21f2483799ff4bdb",
        "is_verified": false,
        "line_number": 65
      },
      {
        "type": "Hex High Entropy String",
        "filename": "reports\\telegram_duplicate_urls_2026-08-25.csv",
        "hashed_secret": "8bd79a1cfe02ef14a46d08249dd3d8dcea13917f",
        "is_verified": false,
        "line_number": 66
      },
      {
        "type": "Hex High Entropy String",
        "filename": "reports\\telegram_duplicate_urls_2026-08-25.csv",
        "hashed_secret": "ac655216d82db584c43d0a305f974de5b4d7118f",
        "is_verified": false,
        "line_number": 67
      },
      {
        "type": "Hex High Entropy String",
        "filename": "reports\\telegram_duplicate_urls_2026-08-25.csv",
        "hashed_secret": "a5302dded1468315565305df0581fdaf95341ba6",
        "is_verified": false,
        "line_number": 68
      },
      {
        "type": "Hex High Entropy String",
        "filename": "reports\\telegram_duplicate_urls_2026-08-25.csv",
        "hashed_secret": "22bbf365dcbc6913d034922b3928d452cf4ff08f",
        "is_verified": false,
        "line_number": 69
      },
      {
        "type": "Hex High Entropy String",
        "filename": "reports\\telegram_duplicate_urls_2026-08-25.csv",
        "hashed_secret": "f5563393f7b1156f53e9fcff3c52b1ece4a8a94b",
        "is_verified": false,
        "line_number": 70
      },
      {
        "type": "Hex High Entropy String",
        "filename": "reports\\telegram_duplicate_urls_2026-08-25.csv",
        "hashed_secret": "13368afe5bd4620b7bf275bd795ff52f1ccd71da",
        "is_verified": false,
        "line_number": 85
      },
      {
        "type": "Hex High Entropy String",
        "filename": "reports\\telegram_duplicate_urls_2026-08-25.csv",
        "hashed_secret": "e514505e80726046480afd9cb4b39b7faa166968",
        "is_verified": false,
        "line_number": 86
      },
      {
        "type": "Hex High Entropy String",
        "filename": "reports\\telegram_duplicate_urls_2026-08-25.csv",
        "hashed_secret": "3c6c17ee14cbb0f05112807af78cb68a78a2a33f",
        "is_verified": false,
        "line_number": 87
      },
      {
        "type": "Hex High Entropy String",
        "filename": "reports\\telegram_duplicate_urls_2026-08-25.csv",
        "hashed_secret": "92b8cd485d3af6269b73e0a0730782e6930f181d",
        "is_verified": false,
        "line_number": 95
      },
      {
        "type": "Hex High Entropy String",
        "filename": "reports\\telegram_duplicate_urls_2026-08-25.csv",
        "hashed_secret": "7fccb4cc5740639382aa4f154d20fcbeee6f489c",
        "is_verified": false,
        "line_number": 97
      },
      {
        "type": "Hex High Entropy String",
        "filename": "reports\\telegram_duplicate_urls_2026-08-25.csv",
        "hashed_secret": "4f88f05ab523a4a1b2d091b3c9aa3a3610b4c987",
        "is_verified": false,
        "line_number": 98
      },
      {
        "type": "Hex High Entropy String",
        "filename": "reports\\telegram_duplicate_urls_2026-08-25.csv",
        "hashed_secret": "a177c93bfd40ba6e29bff5bc59561095032f9cfc",
        "is_verified": false,
        "line_number": 103
      },
      {
        "type": "Hex High Entropy String",
        "filename": "reports\\telegram_duplicate_urls_2026-08-25.csv",
        "hashed_secret": "b1ef56a27dd13e40f25b818c4814ad684dfd3aff",
        "is_verified": false,
        "line_number": 104
      },
      {
        "type": "Hex High Entropy String",
        "filename": "reports\\telegram_duplicate_urls_2026-08-25.csv",
        "hashed_secret": "63666069ea028cfcd442ed77cb14ca3c01445e2d",
        "is_verified": false,
        "line_number": 112
      },
      {
        "type": "Hex High Entropy String",
        "filename": "reports\\telegram_duplicate_urls_2026-08-25.csv",
        "hashed_secret": "d456729be03eb484f6cd7f0c5d2e2e4aa36e6e00",
        "is_verified": false,
        "line_number": 114
      },
      {
        "type": "Hex High Entropy String",
        "filename": "reports\\telegram_duplicate_urls_2026-08-25.csv",
        "hashed_secret": "fa95519e93c2b04196bf01a9eaa032bb6a16778e",
        "is_verified": false,
        "line_number": 116
      },
      {
        "type": "Hex High Entropy String",
        "filename": "reports\\telegram_duplicate_urls_2026-08-25.csv",
        "hashed_secret": "de60040e57d497d6dc0e5bf775ac852bc4a2c663",
        "is_verified": false,
        "line_number": 119
      },
      {
        "type": "Hex High Entropy String",
        "filename": "reports\\telegram_duplicate_urls_2026-08-25.csv",
        "hashed_secret": "ce438275244f787ac1ad252a26d88f7d44139b60",
        "is_verified": false,
        "line_number": 120
      },
      {
        "type": "Hex High Entropy String",
        "filename": "reports\\telegram_duplicate_urls_2026-08-25.csv",
        "hashed_secret": "89fe8c5fd465f406b6497ac9b1787f24ae70c20e",
        "is_verified": false,
        "line_number": 121
      },
      {
        "type": "Hex High Entropy String",
        "filename": "reports\\telegram_duplicate_urls_2026-08-25.csv",
        "hashed_secret": "38689272fbb2a261c79d9443073bdf7866a6f5b2",
        "is_verified": false,
        "line_number": 122
      },
      {
        "type": "Hex High Entropy String",
        "filename": "reports\\telegram_duplicate_urls_2026-08-25.csv",
        "hashed_secret": "2c50994f257c081097b30e8713a685cd2b15a571",
        "is_verified": false,
        "line_number": 123
      },
      {
        "type": "Hex High Entropy String",
        "filename": "reports\\telegram_duplicate_urls_2026-08-25.csv",
        "hashed_secret": "43c9b7ccba4b5cfe28c5f7ab4c28c6cf637ad42e",
        "is_verified": false,
        "line_number": 124
      },
      {
        "type": "Hex High Entropy String",
        "filename": "reports\\telegram_duplicate_urls_2026-08-25.csv",
        "hashed_secret": "b0adc5cb5bbe8544c67f9663a3c17a32f16e32c3",
        "is_verified": false,
        "line_number": 125
      },
      {
        "type": "Hex High Entropy String",
        "filename": "reports\\telegram_duplicate_urls_2026-08-25.csv",
        "hashed_secret": "a744883bb4c83e27ea6460c930e5f9630f0617a3",
        "is_verified": false,
        "line_number": 126
      },
      {
        "type": "Hex High Entropy String",
        "filename": "reports\\telegram_duplicate_urls_2026-08-25.csv",
        "hashed_secret": "510b0567bafd5920042dd6c29d538a5ba5c2b09f",
        "is_verified": false,
        "line_number": 127
      },
      {
        "type": "Hex High Entropy String",
        "filename": "reports\\telegram_duplicate_urls_2026-08-25.csv",
        "hashed_secret": "ab5614b8f5f90ae01087862c115088beaaf1c3ec",
        "is_verified": false,
        "line_number": 128
      },
      {
        "type": "Hex High Entropy String",
        "filename": "reports\\telegram_duplicate_urls_2026-08-25.csv",
        "hashed_secret": "96d9baaf704db36e6a4afa49c5137cc80906a22b",
        "is_verified": false,
        "line_number": 129
      },
      {
        "type": "Hex High Entropy String",
        "filename": "reports\\telegram_duplicate_urls_2026-08-25.csv",
        "hashed_secret": "14ead9bad22b9d67af3d136d732f552cfe7a1afb",
        "is_verified": false,
        "line_number": 130
      },
      {
        "type": "Hex High Entropy String",
        "filename": "reports\\telegram_duplicate_urls_2026-08-25.csv",
        "hashed_secret": "b414a995c572f9533517522db52081c05feeba1b",
        "is_verified": false,
        "line_number": 131
      },
      {
        "type": "Hex High Entropy String",
        "filename": "reports\\telegram_duplicate_urls_2026-08-25.csv",
        "hashed_secret": "2f0e4927c6b399f31ea0128041b928a1412b1459",
        "is_verified": false,
        "line_number": 132
      },
      {
        "type": "Hex High Entropy String",
        "filename": "reports\\telegram_duplicate_urls_2026-08-25.csv",
        "hashed_secret": "d441bfce5ebf1e382f6e4bdf80085b63450790bd",
        "is_verified": false,
        "line_number": 133
      },
      {
        "type": "Hex High Entropy String",
        "filename": "reports\\telegram_duplicate_urls_2026-08-25.csv",
        "hashed_secret": "252a71dd7a8cb434a787f070f1b371dfe4df92f0",
        "is_verified": false,
        "line_number": 134
      },
      {
        "type": "Hex High Entropy String",
        "filename": "reports\\telegram_duplicate_urls_2026-08-25.csv",
        "hashed_secret": "43edad142d0928eac1ff9a84b90e59d32be7c438",
        "is_verified": false,
        "line_number": 135
      },
      {
        "type": "Hex High Entropy String",
        "filename": "reports\\telegram_duplicate_urls_2026-08-25.csv",
        "hashed_secret": "9961076cd6dd9b00422207bf5a8a0b0faf578eea",
        "is_verified": false,
        "line_number": 136
      },
      {
        "type": "Hex High Entropy String",
        "filename": "reports\\telegram_duplicate_urls_2026-08-25.csv",
        "hashed_secret": "2a8498046ba4397357ee1dd79762b3dd568c20f3",
        "is_verified": false,
        "line_number": 137
      },
      {
        "type": "Hex High Entropy String",
        "filename": "reports\\telegram_duplicate_urls_2026-08-25.csv",
        "hashed_secret": "451db1742275892c3086590cda831389dcad01d3",
        "is_verified": false,
        "line_number": 138
      },
      {
        "type": "Hex High Entropy String",
        "filename": "reports\\telegram_duplicate_urls_2026-08-25.csv",
        "hashed_secret": "dfe58ff6fa1f265bdddfe10c19de240ee8edd9c3",
        "is_verified": false,
        "line_number": 139
      },
      {
        "type": "Hex High Entropy String",
        "filename": "reports\\telegram_duplicate_urls_2026-08-25.csv",
        "hashed_secret": "debc70a78adc324bf8ceca79f3ba8bdb56ad9bd4",
        "is_verified": false,
        "line_number": 140
      },
      {
        "type": "Hex High Entropy String",
        "filename": "reports\\telegram_duplicate_urls_2026-08-25.csv",
        "hashed_secret": "9d62ee5068469f1c1329cc1cda0e4f580ff9cd11",
        "is_verified": false,
        "line_number": 141
      },
      {
        "type": "Hex High Entropy String",
        "filename": "reports\\telegram_duplicate_urls_2026-08-25.csv",
        "hashed_secret": "a850efce1a7c7f509256c0f5d8df5c6941c32f1f",
        "is_verified": false,
        "line_number": 142
      },
      {
        "type": "Hex High Entropy String",
        "filename": "reports\\telegram_duplicate_urls_2026-08-25.csv",
        "hashed_secret": "7e6e1b0f1881d409161e9e579131fde4de4e5c93",
        "is_verified": false,
        "line_number": 143
      },
      {
        "type": "Hex High Entropy String",
        "filename": "reports\\telegram_duplicate_urls_2026-08-25.csv",
        "hashed_secret": "fb7c09ed13ba363275d61a7e782c65dd1fe67698",
        "is_verified": false,
        "line_number": 144
      },
      {
        "type": "Hex High Entropy String",
        "filename": "reports\\telegram_duplicate_urls_2026-08-25.csv",
        "hashed_secret": "793670cd1529813a85be37ac8c205e5a3d9c9569",
        "is_verified": false,
        "line_number": 145
      },
      {
        "type": "Hex High Entropy String",
        "filename": "reports\\telegram_duplicate_urls_2026-08-25.csv",
        "hashed_secret": "e6ad3b4aa64efd2c1dfae41f0029847e96c78812",
        "is_verified": false,
        "line_number": 146
      },
      {
        "type": "Hex High Entropy String",
        "filename": "reports\\telegram_duplicate_urls_2026-08-25.csv",
        "hashed_secret": "064880a84d25fa881fb89499563f75935f0dfa5e",
        "is_verified": false,
        "line_number": 147
      },
      {
        "type": "Hex High Entropy String",
        "filename": "reports\\telegram_duplicate_urls_2026-08-25.csv",
        "hashed_secret": "038e54cdb983c953da43df681b9d7595d2ebd859",
        "is_verified": false,
        "line_number": 148
      },
      {
        "type": "Hex High Entropy String",
        "filename": "reports\\telegram_duplicate_urls_2026-08-25.csv",
        "hashed_secret": "c9ce9bc9aa555dc0c9eadcbebb32ada4b9a58fcc",
        "is_verified": false,
        "line_number": 149
      },
      {
        "type": "Hex High Entropy String",
        "filename": "reports\\telegram_duplicate_urls_2026-08-25.csv",
        "hashed_secret": "226847a8a2879148728e2f795116ff32fac8fe5f",
        "is_verified": false,
        "line_number": 150
      },
      {
        "type": "Hex High Entropy String",
        "filename": "reports\\telegram_duplicate_urls_2026-08-25.csv",
        "hashed_secret": "34b57196718725a90855f789398f3e0bda2e82d1",
        "is_verified": false,
        "line_number": 151
      },
      {
        "type": "Hex High Entropy String",
        "filename": "reports\\telegram_duplicate_urls_2026-08-25.csv",
        "hashed_secret": "eeebee501b5df12dc9b6023ec8e2a9b7bee84ead",
        "is_verified": false,
        "line_number": 152
      },
      {
        "type": "Hex High Entropy String",
        "filename": "reports\\telegram_duplicate_urls_2026-08-25.csv",
        "hashed_secret": "5e336d6d2556fe9ef78cb94ddde8dd8a00aa5c68",
        "is_verified": false,
        "line_number": 153
      },
      {
        "type": "Hex High Entropy String",
        "filename": "reports\\telegram_duplicate_urls_2026-08-25.csv",
        "hashed_secret": "e976be3dffc51c2f5cc7c38909027975c037f717",
        "is_verified": false,
        "line_number": 154
      },
      {
        "type": "Hex High Entropy String",
        "filename": "reports\\telegram_duplicate_urls_2026-08-25.csv",
        "hashed_secret": "8eb408586a358397b0167e8c14f26d9a1f064d6e",
        "is_verified": false,
        "line_number": 155
      },
      {
        "type": "Hex High Entropy String",
        "filename": "reports\\telegram_duplicate_urls_2026-08-25.csv",
        "hashed_secret": "35fb80eb9979f5e9089876ad7858cbf36a786fd4",
        "is_verified": false,
        "line_number": 156
      },
      {
        "type": "Hex High Entropy String",
        "filename": "reports\\telegram_duplicate_urls_2026-08-25.csv",
        "hashed_secret": "d9425171fa7888f19e525b390fd79ffcbd687ce9",
        "is_verified": false,
        "line_number": 157
      },
      {
        "type": "Hex High Entropy String",
        "filename": "reports\\telegram_duplicate_urls_2026-08-25.csv",
        "hashed_secret": "d37fe89b2e74d2d7f19fd9a7de0c3a7f996483d5",
        "is_verified": false,
        "line_number": 158
      },
      {
        "type": "Hex High Entropy String",
        "filename": "reports\\telegram_duplicate_urls_2026-08-25.csv",
        "hashed_secret": "d21d285743486d0cac48ec2f8528f3323e1f1e6d",
        "is_verified": false,
        "line_number": 159
      }
    ]
  },
  "generated_at": "2026-08-31T09:42:07Z"
}
